'created' timestamp seems very low; regarding as unix timestamp
'modified' timestamp seems very low; regarding as unix timestamp
'created' timestamp seems very low; regarding as unix timestamp
'modified' timestamp seems very low; regarding as unix timestamp
'created' timestamp seems very low; regarding as unix timestamp
'modified' timestamp seems very low; regarding as unix timestamp
'created' timestamp seems very low; regarding as unix timestamp
'modified' timestamp seems very low; regarding as unix timestamp
'created' timestamp seems very low; regarding as unix timestamp
'modified' timestamp seems very low; regarding as unix timestamp
'created' timestamp seems very low; regarding as unix timestamp
'modified' timestamp seems very low; regarding as unix timestamp
'created' timestamp seems very low; regarding as unix timestamp
'modified' timestamp seems very low; regarding as unix timestamp
'created' timestamp seems very low; regarding as unix timestamp
'modified' timestamp seems very low; regarding as unix timestamp
'created' timestamp seems very low; regarding as unix timestamp
'modified' timestamp seems very low; regarding as unix timestamp
'created' timestamp seems very low; regarding as unix timestamp
'modified' timestamp seems very low; regarding as unix timestamp
'created' timestamp seems very low; regarding as unix timestamp
'modified' timestamp seems very low; regarding as unix timestamp
'created' timestamp seems very low; regarding as unix timestamp
'modified' timestamp seems very low; regarding as unix timestamp
'created' timestamp seems very low; regarding as unix timestamp
'modified' timestamp seems very low; regarding as unix timestamp
'created' timestamp seems very low; regarding as unix timestamp
'modified' timestamp seems very low; regarding as unix timestamp
'created' timestamp seems very low; regarding as unix timestamp
'modified' timestamp seems very low; regarding as unix timestamp
'created' timestamp seems very low; regarding as unix timestamp
'modified' timestamp seems very low; regarding as unix timestamp
'created' timestamp seems very low; regarding as unix timestamp
'modified' timestamp seems very low; regarding as unix timestamp
'created' timestamp seems very low; regarding as unix timestamp
'modified' timestamp seems very low; regarding as unix timestamp
'created' timestamp seems very low; regarding as unix timestamp
'modified' timestamp seems very low; regarding as unix timestamp
'created' timestamp seems very low; regarding as unix timestamp
'modified' timestamp seems very low; regarding as unix timestamp
'created' timestamp seems very low; regarding as unix timestamp
'modified' timestamp seems very low; regarding as unix timestamp
'created' timestamp seems very low; regarding as unix timestamp
'modified' timestamp seems very low; regarding as unix timestamp
'created' timestamp seems very low; regarding as unix timestamp
'modified' timestamp seems very low; regarding as unix timestamp
saved fig01_problem
saved fig02_single_shooting
saved fig03_partition
saved fig04_multiple_shooting
saved fig05_node_removal
saved fig06_guess_propagation
saved fig07_error_growth_schematic
DONECONCEPT
