=== ls2d.log ===
2-D: v2_w2
wrote anim_fhn_landscape_v2_w2_hires.mp4 (1.9 MB)
2-D: v3_w3
wrote anim_fhn_landscape_v3_w3_hires.mp4 (1.5 MB)
2-D: v_v3
wrote anim_fhn_landscape_v_v3_hires.mp4 (1.3 MB)
2-D: w_wv
wrote anim_fhn_landscape_w_wv_hires.mp4 (1.9 MB)
2-D: wv_ww
wrote anim_fhn_landscape_wv_ww_hires.mp4 (1.8 MB)
2-D: lv_x2_xy
wrote anim_lv_landscape_x2_xy_hires.mp4 (1.8 MB)
wrote landscape_hires_geometry.csv 96 rows
=== ls3d_wv_ww.log ===
3-D: wv_ww
  wv_ww 3-D: kappa=1 (32/288 frames)
  wv_ww 3-D: kappa=2 (48/288 frames)
  wv_ww 3-D: kappa=3 (64/288 frames)
  wv_ww 3-D: kappa=4 (80/288 frames)
  wv_ww 3-D: kappa=5 (96/288 frames)
  wv_ww 3-D: kappa=6 (112/288 frames)
  wv_ww 3-D: kappa=8 (128/288 frames)
  wv_ww 3-D: kappa=10 (144/288 frames)
  wv_ww 3-D: kappa=12 (160/288 frames)
  wv_ww 3-D: kappa=15 (176/288 frames)
  wv_ww 3-D: kappa=20 (192/288 frames)
  wv_ww 3-D: kappa=25 (208/288 frames)
  wv_ww 3-D: kappa=33 (224/288 frames)
  wv_ww 3-D: kappa=50 (240/288 frames)
  wv_ww 3-D: kappa=75 (256/288 frames)
  wv_ww 3-D: kappa=100 (288/288 frames)
wrote anim3d_fhn_landscape_wv_ww.mp4 (5.5 MB)
=== ls3d_v2_w2.log ===
3-D: v2_w2
  v2_w2 3-D: kappa=1 (32/288 frames)
  v2_w2 3-D: kappa=2 (48/288 frames)
  v2_w2 3-D: kappa=3 (64/288 frames)
  v2_w2 3-D: kappa=4 (80/288 frames)
  v2_w2 3-D: kappa=5 (96/288 frames)
  v2_w2 3-D: kappa=6 (112/288 frames)
  v2_w2 3-D: kappa=8 (128/288 frames)
  v2_w2 3-D: kappa=10 (144/288 frames)
  v2_w2 3-D: kappa=12 (160/288 frames)
  v2_w2 3-D: kappa=15 (176/288 frames)
  v2_w2 3-D: kappa=20 (192/288 frames)
  v2_w2 3-D: kappa=25 (208/288 frames)
  v2_w2 3-D: kappa=33 (224/288 frames)
  v2_w2 3-D: kappa=50 (240/288 frames)
  v2_w2 3-D: kappa=75 (256/288 frames)
  v2_w2 3-D: kappa=100 (288/288 frames)
wrote anim3d_fhn_landscape_v2_w2.mp4 (5.3 MB)
=== ls3d_v_v3.log ===
3-D: v_v3
  v_v3 3-D: kappa=1 (32/288 frames)
  v_v3 3-D: kappa=2 (48/288 frames)
  v_v3 3-D: kappa=3 (64/288 frames)
  v_v3 3-D: kappa=4 (80/288 frames)
  v_v3 3-D: kappa=5 (96/288 frames)
  v_v3 3-D: kappa=6 (112/288 frames)
  v_v3 3-D: kappa=8 (128/288 frames)
  v_v3 3-D: kappa=10 (144/288 frames)
  v_v3 3-D: kappa=12 (160/288 frames)
  v_v3 3-D: kappa=15 (176/288 frames)
  v_v3 3-D: kappa=20 (192/288 frames)
  v_v3 3-D: kappa=25 (208/288 frames)
  v_v3 3-D: kappa=33 (224/288 frames)
  v_v3 3-D: kappa=50 (240/288 frames)
  v_v3 3-D: kappa=75 (256/288 frames)
  v_v3 3-D: kappa=100 (288/288 frames)
wrote anim3d_fhn_landscape_v_v3.mp4 (4.0 MB)
=== ls3d_lv_x2_xy.log ===
3-D: lv_x2_xy
  lv_x2_xy 3-D: kappa=1 (32/288 frames)
  lv_x2_xy 3-D: kappa=2 (48/288 frames)
  lv_x2_xy 3-D: kappa=3 (64/288 frames)
  lv_x2_xy 3-D: kappa=4 (80/288 frames)
  lv_x2_xy 3-D: kappa=5 (96/288 frames)
  lv_x2_xy 3-D: kappa=6 (112/288 frames)
  lv_x2_xy 3-D: kappa=8 (128/288 frames)
  lv_x2_xy 3-D: kappa=10 (144/288 frames)
  lv_x2_xy 3-D: kappa=12 (160/288 frames)
  lv_x2_xy 3-D: kappa=15 (176/288 frames)
  lv_x2_xy 3-D: kappa=20 (192/288 frames)
  lv_x2_xy 3-D: kappa=25 (208/288 frames)
  lv_x2_xy 3-D: kappa=33 (224/288 frames)
  lv_x2_xy 3-D: kappa=50 (240/288 frames)
  lv_x2_xy 3-D: kappa=75 (256/288 frames)
  lv_x2_xy 3-D: kappa=100 (288/288 frames)
wrote anim3d_lv_landscape_x2_xy.mp4 (5.1 MB)
