'created' timestamp seems very low; regarding as unix timestamp
'modified' timestamp seems very low; regarding as unix timestamp
'created' timestamp seems very low; regarding as unix timestamp
'modified' timestamp seems very low; regarding as unix timestamp
'created' timestamp seems very low; regarding as unix timestamp
'modified' timestamp seems very low; regarding as unix timestamp
'created' timestamp seems very low; regarding as unix timestamp
'modified' timestamp seems very low; regarding as unix timestamp
'created' timestamp seems very low; regarding as unix timestamp
'modified' timestamp seems very low; regarding as unix timestamp
'created' timestamp seems very low; regarding as unix timestamp
'modified' timestamp seems very low; regarding as unix timestamp
'created' timestamp seems very low; regarding as unix timestamp
'modified' timestamp seems very low; regarding as unix timestamp
'created' timestamp seems very low; regarding as unix timestamp
'modified' timestamp seems very low; regarding as unix timestamp
'created' timestamp seems very low; regarding as unix timestamp
'modified' timestamp seems very low; regarding as unix timestamp
'created' timestamp seems very low; regarding as unix timestamp
'modified' timestamp seems very low; regarding as unix timestamp
'created' timestamp seems very low; regarding as unix timestamp
'modified' timestamp seems very low; regarding as unix timestamp
'created' timestamp seems very low; regarding as unix timestamp
'modified' timestamp seems very low; regarding as unix timestamp
'created' timestamp seems very low; regarding as unix timestamp
'modified' timestamp seems very low; regarding as unix timestamp
'created' timestamp seems very low; regarding as unix timestamp
'modified' timestamp seems very low; regarding as unix timestamp
'created' timestamp seems very low; regarding as unix timestamp
'modified' timestamp seems very low; regarding as unix timestamp
'created' timestamp seems very low; regarding as unix timestamp
'modified' timestamp seems very low; regarding as unix timestamp
'created' timestamp seems very low; regarding as unix timestamp
'modified' timestamp seems very low; regarding as unix timestamp
'created' timestamp seems very low; regarding as unix timestamp
'modified' timestamp seems very low; regarding as unix timestamp
'created' timestamp seems very low; regarding as unix timestamp
'modified' timestamp seems very low; regarding as unix timestamp
'created' timestamp seems very low; regarding as unix timestamp
'modified' timestamp seems very low; regarding as unix timestamp
'created' timestamp seems very low; regarding as unix timestamp
'modified' timestamp seems very low; regarding as unix timestamp
'created' timestamp seems very low; regarding as unix timestamp
'modified' timestamp seems very low; regarding as unix timestamp
'created' timestamp seems very low; regarding as unix timestamp
'modified' timestamp seems very low; regarding as unix timestamp
'created' timestamp seems very low; regarding as unix timestamp
'modified' timestamp seems very low; regarding as unix timestamp
'created' timestamp seems very low; regarding as unix timestamp
'modified' timestamp seems very low; regarding as unix timestamp
'created' timestamp seems very low; regarding as unix timestamp
'modified' timestamp seems very low; regarding as unix timestamp
'created' timestamp seems very low; regarding as unix timestamp
'modified' timestamp seems very low; regarding as unix timestamp
'created' timestamp seems very low; regarding as unix timestamp
'modified' timestamp seems very low; regarding as unix timestamp
'created' timestamp seems very low; regarding as unix timestamp
'modified' timestamp seems very low; regarding as unix timestamp
'created' timestamp seems very low; regarding as unix timestamp
'modified' timestamp seems very low; regarding as unix timestamp
'created' timestamp seems very low; regarding as unix timestamp
'modified' timestamp seems very low; regarding as unix timestamp
'created' timestamp seems very low; regarding as unix timestamp
'modified' timestamp seems very low; regarding as unix timestamp
'created' timestamp seems very low; regarding as unix timestamp
'modified' timestamp seems very low; regarding as unix timestamp
/Users/manu_jay/git_repos/hiddenSelect/reports/2026-09-11-R002-multishooting-figure-atlas/figures/style.py:53: UserWarning: Glyph 8594 (\N{RIGHTWARDS ARROW}) missing from font(s) Helvetica Neue.
  fig.tight_layout()
/Users/manu_jay/git_repos/hiddenSelect/reports/2026-09-11-R002-multishooting-figure-atlas/figures/style.py:55: UserWarning: Glyph 8594 (\N{RIGHTWARDS ARROW}) missing from font(s) Helvetica Neue.
  fig.savefig(OUT / f"{name}.{ext}", bbox_inches="tight", pad_inches=0.03)
'created' timestamp seems very low; regarding as unix timestamp
'modified' timestamp seems very low; regarding as unix timestamp
'created' timestamp seems very low; regarding as unix timestamp
'modified' timestamp seems very low; regarding as unix timestamp
'created' timestamp seems very low; regarding as unix timestamp
'modified' timestamp seems very low; regarding as unix timestamp
'created' timestamp seems very low; regarding as unix timestamp
'modified' timestamp seems very low; regarding as unix timestamp
'created' timestamp seems very low; regarding as unix timestamp
'modified' timestamp seems very low; regarding as unix timestamp
'created' timestamp seems very low; regarding as unix timestamp
'modified' timestamp seems very low; regarding as unix timestamp
'created' timestamp seems very low; regarding as unix timestamp
'modified' timestamp seems very low; regarding as unix timestamp
'created' timestamp seems very low; regarding as unix timestamp
'modified' timestamp seems very low; regarding as unix timestamp
'created' timestamp seems very low; regarding as unix timestamp
'modified' timestamp seems very low; regarding as unix timestamp
'created' timestamp seems very low; regarding as unix timestamp
'modified' timestamp seems very low; regarding as unix timestamp
'created' timestamp seems very low; regarding as unix timestamp
'modified' timestamp seems very low; regarding as unix timestamp
'created' timestamp seems very low; regarding as unix timestamp
'modified' timestamp seems very low; regarding as unix timestamp
'created' timestamp seems very low; regarding as unix timestamp
'modified' timestamp seems very low; regarding as unix timestamp
'created' timestamp seems very low; regarding as unix timestamp
'modified' timestamp seems very low; regarding as unix timestamp
'created' timestamp seems very low; regarding as unix timestamp
'modified' timestamp seems very low; regarding as unix timestamp
'created' timestamp seems very low; regarding as unix timestamp
'modified' timestamp seems very low; regarding as unix timestamp
'created' timestamp seems very low; regarding as unix timestamp
'modified' timestamp seems very low; regarding as unix timestamp
'created' timestamp seems very low; regarding as unix timestamp
'modified' timestamp seems very low; regarding as unix timestamp
'created' timestamp seems very low; regarding as unix timestamp
'modified' timestamp seems very low; regarding as unix timestamp
'created' timestamp seems very low; regarding as unix timestamp
'modified' timestamp seems very low; regarding as unix timestamp
'created' timestamp seems very low; regarding as unix timestamp
'modified' timestamp seems very low; regarding as unix timestamp
'created' timestamp seems very low; regarding as unix timestamp
'modified' timestamp seems very low; regarding as unix timestamp
'created' timestamp seems very low; regarding as unix timestamp
'modified' timestamp seems very low; regarding as unix timestamp
'created' timestamp seems very low; regarding as unix timestamp
'modified' timestamp seems very low; regarding as unix timestamp
'created' timestamp seems very low; regarding as unix timestamp
'modified' timestamp seems very low; regarding as unix timestamp
'created' timestamp seems very low; regarding as unix timestamp
'modified' timestamp seems very low; regarding as unix timestamp
'created' timestamp seems very low; regarding as unix timestamp
'modified' timestamp seems very low; regarding as unix timestamp
'created' timestamp seems very low; regarding as unix timestamp
'modified' timestamp seems very low; regarding as unix timestamp
'created' timestamp seems very low; regarding as unix timestamp
'modified' timestamp seems very low; regarding as unix timestamp
'created' timestamp seems very low; regarding as unix timestamp
'modified' timestamp seems very low; regarding as unix timestamp
'created' timestamp seems very low; regarding as unix timestamp
'modified' timestamp seems very low; regarding as unix timestamp
'created' timestamp seems very low; regarding as unix timestamp
'modified' timestamp seems very low; regarding as unix timestamp
'created' timestamp seems very low; regarding as unix timestamp
'modified' timestamp seems very low; regarding as unix timestamp
'created' timestamp seems very low; regarding as unix timestamp
'modified' timestamp seems very low; regarding as unix timestamp
'created' timestamp seems very low; regarding as unix timestamp
'modified' timestamp seems very low; regarding as unix timestamp
'created' timestamp seems very low; regarding as unix timestamp
'modified' timestamp seems very low; regarding as unix timestamp
'created' timestamp seems very low; regarding as unix timestamp
'modified' timestamp seems very low; regarding as unix timestamp
'created' timestamp seems very low; regarding as unix timestamp
'modified' timestamp seems very low; regarding as unix timestamp
'created' timestamp seems very low; regarding as unix timestamp
'modified' timestamp seems very low; regarding as unix timestamp
'created' timestamp seems very low; regarding as unix timestamp
'modified' timestamp seems very low; regarding as unix timestamp
'created' timestamp seems very low; regarding as unix timestamp
'modified' timestamp seems very low; regarding as unix timestamp
'created' timestamp seems very low; regarding as unix timestamp
'modified' timestamp seems very low; regarding as unix timestamp
'created' timestamp seems very low; regarding as unix timestamp
'modified' timestamp seems very low; regarding as unix timestamp
'created' timestamp seems very low; regarding as unix timestamp
'modified' timestamp seems very low; regarding as unix timestamp
'created' timestamp seems very low; regarding as unix timestamp
'modified' timestamp seems very low; regarding as unix timestamp
/Users/manu_jay/git_repos/hiddenSelect/reports/2026-09-11-R002-multishooting-figure-atlas/figures/style.py:53: UserWarning: Glyph 8594 (\N{RIGHTWARDS ARROW}) missing from font(s) Helvetica Neue.
  fig.tight_layout()
/Users/manu_jay/git_repos/hiddenSelect/reports/2026-09-11-R002-multishooting-figure-atlas/figures/style.py:53: UserWarning: Glyph 8593 (\N{UPWARDS ARROW}) missing from font(s) Helvetica Neue.
  fig.tight_layout()
/Users/manu_jay/git_repos/hiddenSelect/reports/2026-09-11-R002-multishooting-figure-atlas/figures/style.py:55: UserWarning: Glyph 8594 (\N{RIGHTWARDS ARROW}) missing from font(s) Helvetica Neue.
  fig.savefig(OUT / f"{name}.{ext}", bbox_inches="tight", pad_inches=0.03)
/Users/manu_jay/git_repos/hiddenSelect/reports/2026-09-11-R002-multishooting-figure-atlas/figures/style.py:55: UserWarning: Glyph 8593 (\N{UPWARDS ARROW}) missing from font(s) Helvetica Neue.
  fig.savefig(OUT / f"{name}.{ext}", bbox_inches="tight", pad_inches=0.03)
'created' timestamp seems very low; regarding as unix timestamp
'modified' timestamp seems very low; regarding as unix timestamp
'created' timestamp seems very low; regarding as unix timestamp
'modified' timestamp seems very low; regarding as unix timestamp
'created' timestamp seems very low; regarding as unix timestamp
'modified' timestamp seems very low; regarding as unix timestamp
saved fig08_lemma1_flow_sensitivity
saved fig09_lemma2_param_sensitivity
saved fig10_prop1_node_removal
saved fig11_landscape_2d_v_v3
saved fig12_landscape_2d_w_wv
saved fig13_landscape_1d_slices
saved fig14_hessian_conditioning
saved fig15_sweep_headline
saved fig16_sweep_paired
saved fig17_sweep_coefficients
saved fig18_sweep_filmstrip
saved fig19_sweep_traces
saved fig20_final_coefficients
saved fig21_schedule
saved fig22_penalty
saved fig23_noise
saved fig24_sparsity
saved fig25_optimizers
saved fig26_basin
saved fig27_iters_substeps
saved fig28_seedscale
saved fig29_solvers_eval
saved fig30_solvers_sweep
saved fig31_bug_F2
saved fig32_bug_F1
saved fig33_bug_F4
saved fig34_bug_ordering_shadowing
saved fig35_lotka_volterra
saved fig36_lorenz
saved fig37_post_hessian_path
