This is pdfTeX, Version 3.141592653-2.6-1.40.26 (TeX Live 2024) (preloaded format=pdflatex 2024.8.9)  11 SEP 2026 19:56
entering extended mode
 restricted \write18 enabled.
 %&-line parsing enabled.
**report.tex
(./report.tex
LaTeX2e <2023-11-01> patch level 1
L3 programming layer <2024-02-20>
(/usr/local/texlive/2024/texmf-dist/tex/latex/base/article.cls
Document Class: article 2023/05/17 v1.4n Standard LaTeX document class
(/usr/local/texlive/2024/texmf-dist/tex/latex/base/size11.clo
File: size11.clo 2023/05/17 v1.4n Standard LaTeX file (size option)
)
\c@part=\count188
\c@section=\count189
\c@subsection=\count190
\c@subsubsection=\count191
\c@paragraph=\count192
\c@subparagraph=\count193
\c@figure=\count194
\c@table=\count195
\abovecaptionskip=\skip48
\belowcaptionskip=\skip49
\bibindent=\dimen140
)
(/usr/local/texlive/2024/texmf-dist/tex/latex/geometry/geometry.sty
Package: geometry 2020/01/02 v5.9 Page Geometry

(/usr/local/texlive/2024/texmf-dist/tex/latex/graphics/keyval.sty
Package: keyval 2022/05/29 v1.15 key=value parser (DPC)
\KV@toks@=\toks17
)
(/usr/local/texlive/2024/texmf-dist/tex/generic/iftex/ifvtex.sty
Package: ifvtex 2019/10/25 v1.7 ifvtex legacy package. Use iftex instead.

(/usr/local/texlive/2024/texmf-dist/tex/generic/iftex/iftex.sty
Package: iftex 2022/02/03 v1.0f TeX engine tests
))
\Gm@cnth=\count196
\Gm@cntv=\count197
\c@Gm@tempcnt=\count198
\Gm@bindingoffset=\dimen141
\Gm@wd@mp=\dimen142
\Gm@odd@mp=\dimen143
\Gm@even@mp=\dimen144
\Gm@layoutwidth=\dimen145
\Gm@layoutheight=\dimen146
\Gm@layouthoffset=\dimen147
\Gm@layoutvoffset=\dimen148
\Gm@dimlist=\toks18
)
(/usr/local/texlive/2024/texmf-dist/tex/latex/amsmath/amsmath.sty
Package: amsmath 2023/05/13 v2.17o AMS math features
\@mathmargin=\skip50

For additional information on amsmath, use the `?' option.
(/usr/local/texlive/2024/texmf-dist/tex/latex/amsmath/amstext.sty
Package: amstext 2021/08/26 v2.01 AMS text

(/usr/local/texlive/2024/texmf-dist/tex/latex/amsmath/amsgen.sty
File: amsgen.sty 1999/11/30 v2.0 generic functions
\@emptytoks=\toks19
\ex@=\dimen149
))
(/usr/local/texlive/2024/texmf-dist/tex/latex/amsmath/amsbsy.sty
Package: amsbsy 1999/11/29 v1.2d Bold Symbols
\pmbraise@=\dimen150
)
(/usr/local/texlive/2024/texmf-dist/tex/latex/amsmath/amsopn.sty
Package: amsopn 2022/04/08 v2.04 operator names
)
\inf@bad=\count199
LaTeX Info: Redefining \frac on input line 234.
\uproot@=\count266
\leftroot@=\count267
LaTeX Info: Redefining \overline on input line 399.
LaTeX Info: Redefining \colon on input line 410.
\classnum@=\count268
\DOTSCASE@=\count269
LaTeX Info: Redefining \ldots on input line 496.
LaTeX Info: Redefining \dots on input line 499.
LaTeX Info: Redefining \cdots on input line 620.
\Mathstrutbox@=\box51
\strutbox@=\box52
LaTeX Info: Redefining \big on input line 722.
LaTeX Info: Redefining \Big on input line 723.
LaTeX Info: Redefining \bigg on input line 724.
LaTeX Info: Redefining \Bigg on input line 725.
\big@size=\dimen151
LaTeX Font Info:    Redeclaring font encoding OML on input line 743.
LaTeX Font Info:    Redeclaring font encoding OMS on input line 744.
\macc@depth=\count270
LaTeX Info: Redefining \bmod on input line 905.
LaTeX Info: Redefining \pmod on input line 910.
LaTeX Info: Redefining \smash on input line 940.
LaTeX Info: Redefining \relbar on input line 970.
LaTeX Info: Redefining \Relbar on input line 971.
\c@MaxMatrixCols=\count271
\dotsspace@=\muskip16
\c@parentequation=\count272
\dspbrk@lvl=\count273
\tag@help=\toks20
\row@=\count274
\column@=\count275
\maxfields@=\count276
\andhelp@=\toks21
\eqnshift@=\dimen152
\alignsep@=\dimen153
\tagshift@=\dimen154
\tagwidth@=\dimen155
\totwidth@=\dimen156
\lineht@=\dimen157
\@envbody=\toks22
\multlinegap=\skip51
\multlinetaggap=\skip52
\mathdisplay@stack=\toks23
LaTeX Info: Redefining \[ on input line 2953.
LaTeX Info: Redefining \] on input line 2954.
)
(/usr/local/texlive/2024/texmf-dist/tex/latex/amsfonts/amssymb.sty
Package: amssymb 2013/01/14 v3.01 AMS font symbols

(/usr/local/texlive/2024/texmf-dist/tex/latex/amsfonts/amsfonts.sty
Package: amsfonts 2013/01/14 v3.01 Basic AMSFonts support
\symAMSa=\mathgroup4
\symAMSb=\mathgroup5
LaTeX Font Info:    Redeclaring math symbol \hbar on input line 98.
LaTeX Font Info:    Overwriting math alphabet `\mathfrak' in version `bold'
(Font)                  U/euf/m/n --> U/euf/b/n on input line 106.
))
(/usr/local/texlive/2024/texmf-dist/tex/latex/amscls/amsthm.sty
Package: amsthm 2020/05/29 v2.20.6
\thm@style=\toks24
\thm@bodyfont=\toks25
\thm@headfont=\toks26
\thm@notefont=\toks27
\thm@headpunct=\toks28
\thm@preskip=\skip53
\thm@postskip=\skip54
\thm@headsep=\skip55
\dth@everypar=\toks29
)
(/usr/local/texlive/2024/texmf-dist/tex/latex/mathtools/mathtools.sty
Package: mathtools 2024/03/11 v1.30 mathematical typesetting tools

(/usr/local/texlive/2024/texmf-dist/tex/latex/tools/calc.sty
Package: calc 2023/07/08 v4.3 Infix arithmetic (KKT,FJ)
\calc@Acount=\count277
\calc@Bcount=\count278
\calc@Adimen=\dimen158
\calc@Bdimen=\dimen159
\calc@Askip=\skip56
\calc@Bskip=\skip57
LaTeX Info: Redefining \setlength on input line 80.
LaTeX Info: Redefining \addtolength on input line 81.
\calc@Ccount=\count279
\calc@Cskip=\skip58
)
(/usr/local/texlive/2024/texmf-dist/tex/latex/mathtools/mhsetup.sty
Package: mhsetup 2021/03/18 v1.4 programming setup (MH)
)
\g_MT_multlinerow_int=\count280
\l_MT_multwidth_dim=\dimen160
\origjot=\skip59
\l_MT_shortvdotswithinadjustabove_dim=\dimen161
\l_MT_shortvdotswithinadjustbelow_dim=\dimen162
\l_MT_above_intertext_sep=\dimen163
\l_MT_below_intertext_sep=\dimen164
\l_MT_above_shortintertext_sep=\dimen165
\l_MT_below_shortintertext_sep=\dimen166
\xmathstrut@box=\box53
\xmathstrut@dim=\dimen167
)
(/usr/local/texlive/2024/texmf-dist/tex/latex/graphics/graphicx.sty
Package: graphicx 2021/09/16 v1.2d Enhanced LaTeX Graphics (DPC,SPQR)

(/usr/local/texlive/2024/texmf-dist/tex/latex/graphics/graphics.sty
Package: graphics 2022/03/10 v1.4e Standard LaTeX Graphics (DPC,SPQR)

(/usr/local/texlive/2024/texmf-dist/tex/latex/graphics/trig.sty
Package: trig 2021/08/11 v1.11 sin cos tan (DPC)
)
(/usr/local/texlive/2024/texmf-dist/tex/latex/graphics-cfg/graphics.cfg
File: graphics.cfg 2016/06/04 v1.11 sample graphics configuration
)
Package graphics Info: Driver file: pdftex.def on input line 107.

(/usr/local/texlive/2024/texmf-dist/tex/latex/graphics-def/pdftex.def
File: pdftex.def 2022/09/22 v1.2b Graphics/color driver for pdftex
))
\Gin@req@height=\dimen168
\Gin@req@width=\dimen169
)
(/usr/local/texlive/2024/texmf-dist/tex/latex/booktabs/booktabs.sty
Package: booktabs 2020/01/12 v1.61803398 Publication quality tables
\heavyrulewidth=\dimen170
\lightrulewidth=\dimen171
\cmidrulewidth=\dimen172
\belowrulesep=\dimen173
\belowbottomsep=\dimen174
\aboverulesep=\dimen175
\abovetopsep=\dimen176
\cmidrulesep=\dimen177
\cmidrulekern=\dimen178
\defaultaddspace=\dimen179
\@cmidla=\count281
\@cmidlb=\count282
\@aboverulesep=\dimen180
\@belowrulesep=\dimen181
\@thisruleclass=\count283
\@lastruleclass=\count284
\@thisrulewidth=\dimen182
)
(/usr/local/texlive/2024/texmf-dist/tex/latex/caption/caption.sty
Package: caption 2023/08/05 v3.6o Customizing captions (AR)

(/usr/local/texlive/2024/texmf-dist/tex/latex/caption/caption3.sty
Package: caption3 2023/07/31 v2.4d caption3 kernel (AR)
\caption@tempdima=\dimen183
\captionmargin=\dimen184
\caption@leftmargin=\dimen185
\caption@rightmargin=\dimen186
\caption@width=\dimen187
\caption@indent=\dimen188
\caption@parindent=\dimen189
\caption@hangindent=\dimen190
Package caption Info: Standard document class detected.
)
\c@caption@flags=\count285
\c@continuedfloat=\count286
)
(/usr/local/texlive/2024/texmf-dist/tex/latex/xcolor/xcolor.sty
Package: xcolor 2023/11/15 v3.01 LaTeX color extensions (UK)

(/usr/local/texlive/2024/texmf-dist/tex/latex/graphics-cfg/color.cfg
File: color.cfg 2016/01/02 v1.6 sample color configuration
)
Package xcolor Info: Driver file: pdftex.def on input line 274.

(/usr/local/texlive/2024/texmf-dist/tex/latex/graphics/mathcolor.ltx)
Package xcolor Info: Model `cmy' substituted by `cmy0' on input line 1350.
Package xcolor Info: Model `hsb' substituted by `rgb' on input line 1354.
Package xcolor Info: Model `RGB' extended on input line 1366.
Package xcolor Info: Model `HTML' substituted by `rgb' on input line 1368.
Package xcolor Info: Model `Hsb' substituted by `hsb' on input line 1369.
Package xcolor Info: Model `tHsb' substituted by `hsb' on input line 1370.
Package xcolor Info: Model `HSB' substituted by `hsb' on input line 1371.
Package xcolor Info: Model `Gray' substituted by `gray' on input line 1372.
Package xcolor Info: Model `wave' substituted by `hsb' on input line 1373.
)
(/usr/local/texlive/2024/texmf-dist/tex/latex/enumitem/enumitem.sty
Package: enumitem 2019/06/20 v3.9 Customized lists
\labelindent=\skip60
\enit@outerparindent=\dimen191
\enit@toks=\toks30
\enit@inbox=\box54
\enit@count@id=\count287
\enitdp@description=\count288
)
(/usr/local/texlive/2024/texmf-dist/tex/latex/float/float.sty
Package: float 2001/11/08 v1.3d Float enhancements (AL)
\c@float@type=\count289
\float@exts=\toks31
\float@box=\box55
\@float@everytoks=\toks32
\@floatcapt=\box56
)
(/usr/local/texlive/2024/texmf-dist/tex/latex/tools/longtable.sty
Package: longtable 2023-11-01 v4.19 Multi-page Table package (DPC)
\LTleft=\skip61
\LTright=\skip62
\LTpre=\skip63
\LTpost=\skip64
\LTchunksize=\count290
\LTcapwidth=\dimen192
\LT@head=\box57
\LT@firsthead=\box58
\LT@foot=\box59
\LT@lastfoot=\box60
\LT@gbox=\box61
\LT@cols=\count291
\LT@rows=\count292
\c@LT@tables=\count293
\c@LT@chunks=\count294
\LT@p@ftn=\toks33
)
(/usr/local/texlive/2024/texmf-dist/tex/latex/tools/array.sty
Package: array 2023/10/16 v2.5g Tabular extension package (FMi)
\col@sep=\dimen193
\ar@mcellbox=\box62
\extrarowheight=\dimen194
\NC@list=\toks34
\extratabsurround=\skip65
\backup@length=\skip66
\ar@cellbox=\box63
)
(/usr/local/texlive/2024/texmf-dist/tex/latex/base/fontenc.sty
Package: fontenc 2021/04/29 v2.0v Standard LaTeX package
)
(/usr/local/texlive/2024/texmf-dist/tex/latex/lm/lmodern.sty
Package: lmodern 2015/05/01 v1.6.1 Latin Modern Fonts
LaTeX Font Info:    Overwriting symbol font `operators' in version `normal'
(Font)                  OT1/cmr/m/n --> OT1/lmr/m/n on input line 22.
LaTeX Font Info:    Overwriting symbol font `letters' in version `normal'
(Font)                  OML/cmm/m/it --> OML/lmm/m/it on input line 23.
LaTeX Font Info:    Overwriting symbol font `symbols' in version `normal'
(Font)                  OMS/cmsy/m/n --> OMS/lmsy/m/n on input line 24.
LaTeX Font Info:    Overwriting symbol font `largesymbols' in version `normal'
(Font)                  OMX/cmex/m/n --> OMX/lmex/m/n on input line 25.
LaTeX Font Info:    Overwriting symbol font `operators' in version `bold'
(Font)                  OT1/cmr/bx/n --> OT1/lmr/bx/n on input line 26.
LaTeX Font Info:    Overwriting symbol font `letters' in version `bold'
(Font)                  OML/cmm/b/it --> OML/lmm/b/it on input line 27.
LaTeX Font Info:    Overwriting symbol font `symbols' in version `bold'
(Font)                  OMS/cmsy/b/n --> OMS/lmsy/b/n on input line 28.
LaTeX Font Info:    Overwriting symbol font `largesymbols' in version `bold'
(Font)                  OMX/cmex/m/n --> OMX/lmex/m/n on input line 29.
LaTeX Font Info:    Overwriting math alphabet `\mathbf' in version `normal'
(Font)                  OT1/cmr/bx/n --> OT1/lmr/bx/n on input line 31.
LaTeX Font Info:    Overwriting math alphabet `\mathsf' in version `normal'
(Font)                  OT1/cmss/m/n --> OT1/lmss/m/n on input line 32.
LaTeX Font Info:    Overwriting math alphabet `\mathit' in version `normal'
(Font)                  OT1/cmr/m/it --> OT1/lmr/m/it on input line 33.
LaTeX Font Info:    Overwriting math alphabet `\mathtt' in version `normal'
(Font)                  OT1/cmtt/m/n --> OT1/lmtt/m/n on input line 34.
LaTeX Font Info:    Overwriting math alphabet `\mathbf' in version `bold'
(Font)                  OT1/cmr/bx/n --> OT1/lmr/bx/n on input line 35.
LaTeX Font Info:    Overwriting math alphabet `\mathsf' in version `bold'
(Font)                  OT1/cmss/bx/n --> OT1/lmss/bx/n on input line 36.
LaTeX Font Info:    Overwriting math alphabet `\mathit' in version `bold'
(Font)                  OT1/cmr/bx/it --> OT1/lmr/bx/it on input line 37.
LaTeX Font Info:    Overwriting math alphabet `\mathtt' in version `bold'
(Font)                  OT1/cmtt/m/n --> OT1/lmtt/m/n on input line 38.
)
(/usr/local/texlive/2024/texmf-dist/tex/latex/algorithms/algorithm.sty
Package: algorithm 2009/08/24 v0.1 Document Style `algorithm' - floating enviro
nment

(/usr/local/texlive/2024/texmf-dist/tex/latex/base/ifthen.sty
Package: ifthen 2022/04/13 v1.1d Standard LaTeX ifthen package (DPC)
)
\@float@every@algorithm=\toks35
\c@algorithm=\count295
)
(/usr/local/texlive/2024/texmf-dist/tex/latex/algorithmicx/algpseudocode.sty
Package: algpseudocode 

(/usr/local/texlive/2024/texmf-dist/tex/latex/algorithmicx/algorithmicx.sty
Package: algorithmicx 2005/04/27 v1.2 Algorithmicx

Document Style algorithmicx 1.2 - a greatly improved `algorithmic' style
\c@ALG@line=\count296
\c@ALG@rem=\count297
\c@ALG@nested=\count298
\ALG@tlm=\skip67
\ALG@thistlm=\skip68
\c@ALG@Lnr=\count299
\c@ALG@blocknr=\count300
\c@ALG@storecount=\count301
\c@ALG@tmpcounter=\count302
\ALG@tmplength=\skip69
)
Document Style - pseudocode environments for use with the `algorithmicx' style
) (/usr/local/texlive/2024/texmf-dist/tex/latex/hyperref/hyperref.sty
Package: hyperref 2024-01-20 v7.01h Hypertext links for LaTeX

(/usr/local/texlive/2024/texmf-dist/tex/latex/kvsetkeys/kvsetkeys.sty
Package: kvsetkeys 2022-10-05 v1.19 Key value parser (HO)
)
(/usr/local/texlive/2024/texmf-dist/tex/generic/kvdefinekeys/kvdefinekeys.sty
Package: kvdefinekeys 2019-12-19 v1.6 Define keys (HO)
)
(/usr/local/texlive/2024/texmf-dist/tex/generic/pdfescape/pdfescape.sty
Package: pdfescape 2019/12/09 v1.15 Implements pdfTeX's escape features (HO)

(/usr/local/texlive/2024/texmf-dist/tex/generic/ltxcmds/ltxcmds.sty
Package: ltxcmds 2023-12-04 v1.26 LaTeX kernel commands for general use (HO)
)
(/usr/local/texlive/2024/texmf-dist/tex/generic/pdftexcmds/pdftexcmds.sty
Package: pdftexcmds 2020-06-27 v0.33 Utility functions of pdfTeX for LuaTeX (HO
)

(/usr/local/texlive/2024/texmf-dist/tex/generic/infwarerr/infwarerr.sty
Package: infwarerr 2019/12/03 v1.5 Providing info/warning/error messages (HO)
)
Package pdftexcmds Info: \pdf@primitive is available.
Package pdftexcmds Info: \pdf@ifprimitive is available.
Package pdftexcmds Info: \pdfdraftmode found.
))
(/usr/local/texlive/2024/texmf-dist/tex/latex/hycolor/hycolor.sty
Package: hycolor 2020-01-27 v1.10 Color options for hyperref/bookmark (HO)
)
(/usr/local/texlive/2024/texmf-dist/tex/latex/auxhook/auxhook.sty
Package: auxhook 2019-12-17 v1.6 Hooks for auxiliary files (HO)
)
(/usr/local/texlive/2024/texmf-dist/tex/latex/hyperref/nameref.sty
Package: nameref 2023-11-26 v2.56 Cross-referencing by name of section

(/usr/local/texlive/2024/texmf-dist/tex/latex/refcount/refcount.sty
Package: refcount 2019/12/15 v3.6 Data extraction from label references (HO)
)
(/usr/local/texlive/2024/texmf-dist/tex/generic/gettitlestring/gettitlestring.s
ty
Package: gettitlestring 2019/12/15 v1.6 Cleanup title references (HO)
 (/usr/local/texlive/2024/texmf-dist/tex/latex/kvoptions/kvoptions.sty
Package: kvoptions 2022-06-15 v3.15 Key value format for package options (HO)
))
\c@section@level=\count303
)
(/usr/local/texlive/2024/texmf-dist/tex/latex/etoolbox/etoolbox.sty
Package: etoolbox 2020/10/05 v2.5k e-TeX tools for LaTeX (JAW)
\etb@tempcnta=\count304
)
\@linkdim=\dimen195
\Hy@linkcounter=\count305
\Hy@pagecounter=\count306

(/usr/local/texlive/2024/texmf-dist/tex/latex/hyperref/pd1enc.def
File: pd1enc.def 2024-01-20 v7.01h Hyperref: PDFDocEncoding definition (HO)
Now handling font encoding PD1 ...
... no UTF-8 mapping file for font encoding PD1
)
(/usr/local/texlive/2024/texmf-dist/tex/generic/intcalc/intcalc.sty
Package: intcalc 2019/12/15 v1.3 Expandable calculations with integers (HO)
)
\Hy@SavedSpaceFactor=\count307

(/usr/local/texlive/2024/texmf-dist/tex/latex/hyperref/puenc.def
File: puenc.def 2024-01-20 v7.01h Hyperref: PDF Unicode definition (HO)
Now handling font encoding PU ...
... no UTF-8 mapping file for font encoding PU
)
Package hyperref Info: Hyper figures OFF on input line 4179.
Package hyperref Info: Link nesting OFF on input line 4184.
Package hyperref Info: Hyper index ON on input line 4187.
Package hyperref Info: Plain pages OFF on input line 4194.
Package hyperref Info: Backreferencing OFF on input line 4199.
Package hyperref Info: Implicit mode ON; LaTeX internals redefined.
Package hyperref Info: Bookmarks ON on input line 4446.
\c@Hy@tempcnt=\count308

(/usr/local/texlive/2024/texmf-dist/tex/latex/url/url.sty
\Urlmuskip=\muskip17
Package: url 2013/09/16  ver 3.4  Verb mode for urls, etc.
)
LaTeX Info: Redefining \url on input line 4784.
\XeTeXLinkMargin=\dimen196

(/usr/local/texlive/2024/texmf-dist/tex/generic/bitset/bitset.sty
Package: bitset 2019/12/09 v1.3 Handle bit-vector datatype (HO)

(/usr/local/texlive/2024/texmf-dist/tex/generic/bigintcalc/bigintcalc.sty
Package: bigintcalc 2019/12/15 v1.5 Expandable calculations on big integers (HO
)
))
\Fld@menulength=\count309
\Field@Width=\dimen197
\Fld@charsize=\dimen198
Package hyperref Info: Hyper figures OFF on input line 6063.
Package hyperref Info: Link nesting OFF on input line 6068.
Package hyperref Info: Hyper index ON on input line 6071.
Package hyperref Info: backreferencing OFF on input line 6078.
Package hyperref Info: Link coloring OFF on input line 6083.
Package hyperref Info: Link coloring with OCG OFF on input line 6088.
Package hyperref Info: PDF/A mode OFF on input line 6093.

(/usr/local/texlive/2024/texmf-dist/tex/latex/base/atbegshi-ltx.sty
Package: atbegshi-ltx 2021/01/10 v1.0c Emulation of the original atbegshi
package with kernel methods
)
\Hy@abspage=\count310
\c@Item=\count311
\c@Hfootnote=\count312
)
Package hyperref Info: Driver (autodetected): hpdftex.

(/usr/local/texlive/2024/texmf-dist/tex/latex/hyperref/hpdftex.def
File: hpdftex.def 2024-01-20 v7.01h Hyperref driver for pdfTeX

(/usr/local/texlive/2024/texmf-dist/tex/latex/base/atveryend-ltx.sty
Package: atveryend-ltx 2020/08/19 v1.0a Emulation of the original atveryend pac
kage
with kernel methods
)
\Fld@listcount=\count313
\c@bookmark@seq@number=\count314

(/usr/local/texlive/2024/texmf-dist/tex/latex/rerunfilecheck/rerunfilecheck.sty
Package: rerunfilecheck 2022-07-10 v1.10 Rerun checks for auxiliary files (HO)

(/usr/local/texlive/2024/texmf-dist/tex/generic/uniquecounter/uniquecounter.sty
Package: uniquecounter 2019/12/15 v1.4 Provide unlimited unique counter (HO)
)
Package uniquecounter Info: New unique counter `rerunfilecheck' on input line 2
85.
)
\Hy@SectionHShift=\skip70
) (/usr/local/texlive/2024/texmf-dist/tex/latex/needspace/needspace.sty
Package: needspace 2010/09/12 v1.3d reserve vertical space
)
(./tables/constants.tex) (./tables/numbers.tex)
\c@lemma=\count315
\c@proposition=\count316
\c@theorem=\count317
\c@corollary=\count318
\c@definition=\count319
\c@remark=\count320
LaTeX Font Info:    Trying to load font information for T1+lmr on input line 35
.

(/usr/local/texlive/2024/texmf-dist/tex/latex/lm/t1lmr.fd
File: t1lmr.fd 2015/05/01 v1.6.1 Font defs for Latin Modern
)
(/usr/local/texlive/2024/texmf-dist/tex/latex/l3backend/l3backend-pdftex.def
File: l3backend-pdftex.def 2024-02-20 L3 backend support: PDF output (pdfTeX)
\l__color_backend_stack_int=\count321
\l__pdf_internal_box=\box64
)
(./report.aux)
\openout1 = `report.aux'.

LaTeX Font Info:    Checking defaults for OML/cmm/m/it on input line 35.
LaTeX Font Info:    ... okay on input line 35.
LaTeX Font Info:    Checking defaults for OMS/cmsy/m/n on input line 35.
LaTeX Font Info:    ... okay on input line 35.
LaTeX Font Info:    Checking defaults for OT1/cmr/m/n on input line 35.
LaTeX Font Info:    ... okay on input line 35.
LaTeX Font Info:    Checking defaults for T1/cmr/m/n on input line 35.
LaTeX Font Info:    ... okay on input line 35.
LaTeX Font Info:    Checking defaults for TS1/cmr/m/n on input line 35.
LaTeX Font Info:    ... okay on input line 35.
LaTeX Font Info:    Checking defaults for OMX/cmex/m/n on input line 35.
LaTeX Font Info:    ... okay on input line 35.
LaTeX Font Info:    Checking defaults for U/cmr/m/n on input line 35.
LaTeX Font Info:    ... okay on input line 35.
LaTeX Font Info:    Checking defaults for PD1/pdf/m/n on input line 35.
LaTeX Font Info:    ... okay on input line 35.
LaTeX Font Info:    Checking defaults for PU/pdf/m/n on input line 35.
LaTeX Font Info:    ... okay on input line 35.

*geometry* driver: auto-detecting
*geometry* detected driver: pdftex
*geometry* verbose mode - [ preamble ] result:
* driver: pdftex
* paper: <default>
* layout: <same size as paper>
* layoutoffset:(h,v)=(0.0pt,0.0pt)
* modes: 
* h-part:(L,W,R)=(72.26999pt, 469.75502pt, 72.26999pt)
* v-part:(T,H,B)=(72.26999pt, 650.43001pt, 72.26999pt)
* \paperwidth=614.295pt
* \paperheight=794.96999pt
* \textwidth=469.75502pt
* \textheight=650.43001pt
* \oddsidemargin=0.0pt
* \evensidemargin=0.0pt
* \topmargin=-37.0pt
* \headheight=12.0pt
* \headsep=25.0pt
* \topskip=11.0pt
* \footskip=30.0pt
* \marginparwidth=59.0pt
* \marginparsep=10.0pt
* \columnsep=10.0pt
* \skip\footins=10.0pt plus 4.0pt minus 2.0pt
* \hoffset=0.0pt
* \voffset=0.0pt
* \mag=1000
* \@twocolumnfalse
* \@twosidefalse
* \@mparswitchfalse
* \@reversemarginfalse
* (1in=72.27pt=25.4mm, 1cm=28.453pt)

(/usr/local/texlive/2024/texmf-dist/tex/context/base/mkii/supp-pdf.mkii
[Loading MPS to PDF converter (version 2006.09.02).]
\scratchcounter=\count322
\scratchdimen=\dimen199
\scratchbox=\box65
\nofMPsegments=\count323
\nofMParguments=\count324
\everyMPshowfont=\toks36
\MPscratchCnt=\count325
\MPscratchDim=\dimen256
\MPnumerator=\count326
\makeMPintoPDFobject=\count327
\everyMPtoPDFconversion=\toks37
) (/usr/local/texlive/2024/texmf-dist/tex/latex/epstopdf-pkg/epstopdf-base.sty
Package: epstopdf-base 2020-01-24 v2.11 Base part for package epstopdf
Package epstopdf-base Info: Redefining graphics rule for `.eps' on input line 4
85.

(/usr/local/texlive/2024/texmf-dist/tex/latex/latexconfig/epstopdf-sys.cfg
File: epstopdf-sys.cfg 2010/07/13 v1.3 Configuration of (r)epstopdf for TeX Liv
e
))
Package caption Info: Begin \AtBeginDocument code.
Package caption Info: float package is loaded.
Package caption Info: hyperref package is loaded.
Package caption Info: longtable package is loaded.

(/usr/local/texlive/2024/texmf-dist/tex/latex/caption/ltcaption.sty
Package: ltcaption 2021/01/08 v1.4c longtable captions (AR)
)
Package caption Info: End \AtBeginDocument code.
Package hyperref Info: Link coloring OFF on input line 35.

(./report.out) (./report.out)
\@outlinefile=\write3
\openout3 = `report.out'.

LaTeX Font Info:    Trying to load font information for T1+lmtt on input line 3
7.

(/usr/local/texlive/2024/texmf-dist/tex/latex/lm/t1lmtt.fd
File: t1lmtt.fd 2015/05/01 v1.6.1 Font defs for Latin Modern
)
LaTeX Font Info:    Trying to load font information for OT1+lmr on input line 3
7.

(/usr/local/texlive/2024/texmf-dist/tex/latex/lm/ot1lmr.fd
File: ot1lmr.fd 2015/05/01 v1.6.1 Font defs for Latin Modern
)
LaTeX Font Info:    Trying to load font information for OML+lmm on input line 3
7.

(/usr/local/texlive/2024/texmf-dist/tex/latex/lm/omllmm.fd
File: omllmm.fd 2015/05/01 v1.6.1 Font defs for Latin Modern
)
LaTeX Font Info:    Trying to load font information for OMS+lmsy on input line 
37.

(/usr/local/texlive/2024/texmf-dist/tex/latex/lm/omslmsy.fd
File: omslmsy.fd 2015/05/01 v1.6.1 Font defs for Latin Modern
)
LaTeX Font Info:    Trying to load font information for OMX+lmex on input line 
37.

(/usr/local/texlive/2024/texmf-dist/tex/latex/lm/omxlmex.fd
File: omxlmex.fd 2015/05/01 v1.6.1 Font defs for Latin Modern
)
LaTeX Font Info:    External font `lmex10' loaded for size
(Font)              <12> on input line 37.
LaTeX Font Info:    External font `lmex10' loaded for size
(Font)              <8> on input line 37.
LaTeX Font Info:    External font `lmex10' loaded for size
(Font)              <6> on input line 37.
LaTeX Font Info:    Trying to load font information for U+msa on input line 37.


(/usr/local/texlive/2024/texmf-dist/tex/latex/amsfonts/umsa.fd
File: umsa.fd 2013/01/14 v3.01 AMS symbols A
)
LaTeX Font Info:    Trying to load font information for U+msb on input line 37.


(/usr/local/texlive/2024/texmf-dist/tex/latex/amsfonts/umsb.fd
File: umsb.fd 2013/01/14 v3.01 AMS symbols B
)
LaTeX Font Info:    External font `lmex10' loaded for size
(Font)              <10> on input line 39.
LaTeX Font Info:    External font `lmex10' loaded for size
(Font)              <7> on input line 39.
LaTeX Font Info:    External font `lmex10' loaded for size
(Font)              <5> on input line 39.
 (./report.toc
[1

{/usr/local/texlive/2024/texmf-var/fonts/map/pdftex/updmap/pdftex.map}{/usr/loc
al/texlive/2024/texmf-dist/fonts/enc/dvips/lm/lm-ec.enc}{/usr/local/texlive/202
4/texmf-dist/fonts/enc/dvips/lm/lm-rm.enc}{/usr/local/texlive/2024/texmf-dist/f
onts/enc/dvips/lm/lm-mathit.enc}{/usr/local/texlive/2024/texmf-dist/fonts/enc/d
vips/lm/lm-mathsy.enc}]
LaTeX Font Info:    External font `lmex10' loaded for size
(Font)              <10.95> on input line 8.
)
\tf@toc=\write4
\openout4 = `report.toc'.


Underfull \hbox (badness 1472) in paragraph at lines 50--52
\T1/lmr/m/n/10.95 such that the tra-jec-tory matches the ob-ser-va-tions $\OMS/
lmsy/m/n/10.95 f\OT1/lmr/bx/n/10.95 y[]\OML/lmm/m/it/10.95 ; \OT1/lmr/bx/n/10.9
5 y[]\OML/lmm/m/it/10.95 ; [] ; \OT1/lmr/bx/n/10.95 y[]\OMS/lmsy/m/n/10.95 g$ \
T1/lmr/m/n/10.95 at the time points
 []

[2]
<figures/R002_fig01_problem.pdf, id=156, 520.93234pt x 401.46643pt>
File: figures/R002_fig01_problem.pdf Graphic file (type pdf)
<use figures/R002_fig01_problem.pdf>
Package pdftex.def Info: figures/R002_fig01_problem.pdf  used on input line 59.

(pdftex.def)             Requested size: 469.75502pt x 362.03929pt.
 [3{/usr/local/texlive/2024/texmf-dist/fonts/enc/dvips/lm/lm-mathex.enc} <./fig
ures/R002_fig01_problem.pdf>]
<figures/R002_fig02_single_shooting.pdf, id=211, 504.58113pt x 299.67479pt>
File: figures/R002_fig02_single_shooting.pdf Graphic file (type pdf)
<use figures/R002_fig02_single_shooting.pdf>
Package pdftex.def Info: figures/R002_fig02_single_shooting.pdf  used on input 
line 78.
(pdftex.def)             Requested size: 469.75502pt x 278.99644pt.
 [4 <./figures/R002_fig02_single_shooting.pdf>]
<figures/R002_fig03_partition.pdf, id=254, 508.71866pt x 273.45749pt>
File: figures/R002_fig03_partition.pdf Graphic file (type pdf)
<use figures/R002_fig03_partition.pdf>
Package pdftex.def Info: figures/R002_fig03_partition.pdf  used on input line 9
0.
(pdftex.def)             Requested size: 422.77664pt x 227.27007pt.
<figures/R002_fig04_multiple_shooting.pdf, id=255, 504.58113pt x 425.5141pt>
File: figures/R002_fig04_multiple_shooting.pdf Graphic file (type pdf)
<use figures/R002_fig04_multiple_shooting.pdf>
Package pdftex.def Info: figures/R002_fig04_multiple_shooting.pdf  used on inpu
t line 95.
(pdftex.def)             Requested size: 469.75502pt x 396.15254pt.
[5 <./figures/R002_fig03_partition.pdf>]
Package hyperref Info: bookmark level for unknown algorithm defaults to 0 on in
put line 102.
 [6 <./figures/R002_fig04_multiple_shooting.pdf>]
<figures/R002_fig06_guess_propagation.pdf, id=345, 510.74466pt x 302.8268pt>
File: figures/R002_fig06_guess_propagation.pdf Graphic file (type pdf)
<use figures/R002_fig06_guess_propagation.pdf>
Package pdftex.def Info: figures/R002_fig06_guess_propagation.pdf  used on inpu
t line 114.
(pdftex.def)             Requested size: 469.75502pt x 278.53471pt.
 [7 <./figures/R002_fig06_guess_propagation.pdf>]
LaTeX Font Info:    Trying to load font information for TS1+lmr on input line 1
26.

(/usr/local/texlive/2024/texmf-dist/tex/latex/lm/ts1lmr.fd
File: ts1lmr.fd 2015/05/01 v1.6.1 Font defs for Latin Modern
) [8{/usr/local/texlive/2024/texmf-dist/fonts/enc/dvips/lm/lm-ts1.enc}]
Overfull \hbox (8.37587pt too wide) detected at line 164
[][][][] \OML/lmm/m/it/10.95 Q\OT1/lmr/m/n/10.95 (^^A\OML/lmm/m/it/10.95 T[]\OT
1/lmr/m/n/10.95 )  [](\OML/lmm/m/it/10.95 P\OT1/lmr/m/n/10.95 )  \OML/lmm/m/it/
10.95 <  r[] [] [] r[]  <  e[][]r[] \OMS/lmsy/m/n/10.95 ^^@ \OML/lmm/m/it/10.95
 Q\OT1/lmr/m/n/10.95 (^^A\OML/lmm/m/it/10.95 T[]\OT1/lmr/m/n/10.95 ) [](\OML/lm
m/m/it/10.95 P\OT1/lmr/m/n/10.95 )[]\OML/lmm/m/it/10.95 :
 []

[9] [10] [11] [12] [13] [14] [15] [16]
Underfull \hbox (badness 4084) in paragraph at lines 392--393
[]\T1/lmr/m/it/10.95 Arms. \T1/lmr/bx/n/10.95 GP\T1/lmr/m/n/10.95 : sweep $\OML
/lmm/m/it/10.95 ^^T$ \T1/lmr/m/n/10.95 up-ward through the FULL sched-ule $\OMS
/lmsy/m/n/10.95 f\OT1/lmr/m/n/10.95 1\OML/lmm/m/it/10.95 ; \OT1/lmr/m/n/10.95 2
\OML/lmm/m/it/10.95 ; \OT1/lmr/m/n/10.95 3\OML/lmm/m/it/10.95 ; \OT1/lmr/m/n/10
.95 4\OML/lmm/m/it/10.95 ; \OT1/lmr/m/n/10.95 5\OML/lmm/m/it/10.95 ; \OT1/lmr/m
/n/10.95 6\OML/lmm/m/it/10.95 ; \OT1/lmr/m/n/10.95 8\OML/lmm/m/it/10.95 ; \OT1/
lmr/m/n/10.95 10\OML/lmm/m/it/10.95 ; \OT1/lmr/m/n/10.95 12\OML/lmm/m/it/10.95 
;
 []

[17] [18]
Underfull \hbox (badness 10000) in paragraph at lines 431--431
[]|\T1/lmr/m/n/10 swept,
 []


Underfull \hbox (badness 1895) in paragraph at lines 432--432
[]|\T1/lmr/m/n/10 longest win-dow of the par-ti-tion un-der
 []


Underfull \hbox (badness 10000) in paragraph at lines 433--433
[]|\T1/lmr/m/n/10 not in-stan-ti-
 []


Underfull \hbox (badness 10000) in paragraph at lines 434--434
[]|\T1/lmr/m/n/10 not in-stan-ti-
 []


Underfull \hbox (badness 10000) in paragraph at lines 435--435
[]|\T1/lmr/m/n/10 not in-stan-ti-
 []


Underfull \hbox (badness 7415) in paragraph at lines 438--438
[]|\T1/lmr/m/n/10 largest noise norm; noise co-vari-ance
 []


Underfull \hbox (badness 10000) in paragraph at lines 438--439
[]|\T1/lmr/m/n/10 R002
 []


Underfull \hbox (badness 1502) in paragraph at lines 446--446
[]|\T1/lmr/m/n/10 blow-up thresh-
 []

[19] [20] [21] [22] [23]

Package hyperref Warning: Token not allowed in a PDF string (Unicode):
(hyperref)                removing `math shift' on input line 616.


Package hyperref Warning: Token not allowed in a PDF string (Unicode):
(hyperref)                removing `\lVert' on input line 616.


Package hyperref Warning: Token not allowed in a PDF string (Unicode):
(hyperref)                removing `superscript' on input line 616.


Package hyperref Warning: Token not allowed in a PDF string (Unicode):
(hyperref)                removing `\star' on input line 616.


Package hyperref Warning: Token not allowed in a PDF string (Unicode):
(hyperref)                removing `superscript' on input line 616.


Package hyperref Warning: Token not allowed in a PDF string (Unicode):
(hyperref)                removing `\rVert' on input line 616.


Package hyperref Warning: Token not allowed in a PDF string (Unicode):
(hyperref)                removing `math shift' on input line 616.

[24]
<figures/R002_fig05_node_removal.pdf, id=804, 506.39337pt x 331.40211pt>
File: figures/R002_fig05_node_removal.pdf Graphic file (type pdf)
<use figures/R002_fig05_node_removal.pdf>
Package pdftex.def Info: figures/R002_fig05_node_removal.pdf  used on input lin
e 646.
(pdftex.def)             Requested size: 469.75502pt x 307.43213pt.
 [25] [26 <./figures/R002_fig05_node_removal.pdf>] [27] [28] [29] [30]
[31] [32] [33] [34]
<figures/R003_fig01_bounds.pdf, id=1046, 758.835pt x 231.26399pt>
File: figures/R003_fig01_bounds.pdf Graphic file (type pdf)
<use figures/R003_fig01_bounds.pdf>
Package pdftex.def Info: figures/R003_fig01_bounds.pdf  used on input line 937.

(pdftex.def)             Requested size: 469.75502pt x 143.16692pt.
 [35] (./tables/lemmas.tex) (./tables/windows.tex) [36 <./figures/R003_fig01_bo
unds.pdf>]
<figures/R002_fig10_prop1_node_removal.pdf, id=1149, 503.89981pt x 192.22038pt>

File: figures/R002_fig10_prop1_node_removal.pdf Graphic file (type pdf)
<use figures/R002_fig10_prop1_node_removal.pdf>
Package pdftex.def Info: figures/R002_fig10_prop1_node_removal.pdf  used on inp
ut line 952.
(pdftex.def)             Requested size: 469.75502pt x 179.20306pt.
<figures/R002_fig11_landscape_2d_v_v3.pdf, id=1160, 426.0677pt x 171.95882pt>
File: figures/R002_fig11_landscape_2d_v_v3.pdf Graphic file (type pdf)
<use figures/R002_fig11_landscape_2d_v_v3.pdf>
Package pdftex.def Info: figures/R002_fig11_landscape_2d_v_v3.pdf  used on inpu
t line 958.
(pdftex.def)             Requested size: 469.75502pt x 189.59084pt.
 [37 <./figures/R002_fig10_prop1_node_removal.pdf>]
<figures/R002_fig13_landscape_1d_slices.pdf, id=1211, 530.10027pt x 315.02655pt
>
File: figures/R002_fig13_landscape_1d_slices.pdf Graphic file (type pdf)
<use figures/R002_fig13_landscape_1d_slices.pdf>
Package pdftex.def Info: figures/R002_fig13_landscape_1d_slices.pdf  used on in
put line 963.
(pdftex.def)             Requested size: 469.75502pt x 279.1662pt.
 [38 <./figures/R002_fig11_landscape_2d_v_v3.pdf>]
<figures/R002_fig14_hessian_conditioning.pdf, id=1242, 518.24095pt x 169.63618p
t>
File: figures/R002_fig14_hessian_conditioning.pdf Graphic file (type pdf)
<use figures/R002_fig14_hessian_conditioning.pdf>
Package pdftex.def Info: figures/R002_fig14_hessian_conditioning.pdf  used on i
nput line 968.
(pdftex.def)             Requested size: 469.75502pt x 153.77122pt.
 [39 <./figures/R002_fig13_landscape_1d_slices.pdf>] (./tables/T1_headline.tex)
<figures/R002_fig15_sweep_headline.pdf, id=1288, 503.14868pt x 176.1277pt>
File: figures/R002_fig15_sweep_headline.pdf Graphic file (type pdf)
<use figures/R002_fig15_sweep_headline.pdf>
Package pdftex.def Info: figures/R002_fig15_sweep_headline.pdf  used on input l
ine 981.
(pdftex.def)             Requested size: 469.75502pt x 164.44473pt.
 [40 <./figures/R002_fig14_hessian_conditioning.pdf>]
<figures/R002_fig16_sweep_paired.pdf, id=1336, 493.24501pt x 164.73619pt>
File: figures/R002_fig16_sweep_paired.pdf Graphic file (type pdf)
<use figures/R002_fig16_sweep_paired.pdf>
Package pdftex.def Info: figures/R002_fig16_sweep_paired.pdf  used on input lin
e 986.
(pdftex.def)             Requested size: 469.75502pt x 156.89815pt.
<figures/R002_fig18_sweep_filmstrip.pdf, id=1337, 504.93182pt x 254.5262pt>
File: figures/R002_fig18_sweep_filmstrip.pdf Graphic file (type pdf)
<use figures/R002_fig18_sweep_filmstrip.pdf>
Package pdftex.def Info: figures/R002_fig18_sweep_filmstrip.pdf  used on input 
line 991.
(pdftex.def)             Requested size: 469.75502pt x 236.804pt.
 [41 <./figures/R002_fig15_sweep_headline.pdf> <./figures/R002_fig16_sweep_pair
ed.pdf>]
<figures/R002_fig20_final_coefficients.pdf, id=1431, 498.58073pt x 194.17557pt>

File: figures/R002_fig20_final_coefficients.pdf Graphic file (type pdf)
<use figures/R002_fig20_final_coefficients.pdf>
Package pdftex.def Info: figures/R002_fig20_final_coefficients.pdf  used on inp
ut line 996.
(pdftex.def)             Requested size: 469.75502pt x 182.95465pt.
 [42 <./figures/R002_fig18_sweep_filmstrip.pdf> <./figures/R002_fig20_final_coe
fficients.pdf>] (./tables/T2_compact.tex)
<figures/R002_fig21_schedule.pdf, id=1533, 503.94794pt x 169.68324pt>
File: figures/R002_fig21_schedule.pdf Graphic file (type pdf)
<use figures/R002_fig21_schedule.pdf>
Package pdftex.def Info: figures/R002_fig21_schedule.pdf  used on input line 10
09.
(pdftex.def)             Requested size: 469.75502pt x 158.17143pt.
<figures/R002_fig25_optimizers.pdf, id=1540, 504.1886pt x 215.46498pt>
File: figures/R002_fig25_optimizers.pdf Graphic file (type pdf)
<use figures/R002_fig25_optimizers.pdf>
Package pdftex.def Info: figures/R002_fig25_optimizers.pdf  used on input line 
1014.
(pdftex.def)             Requested size: 469.75502pt x 200.76172pt.

[43 <./figures/R002_fig21_schedule.pdf>] (./tables/T5_other_systems.tex)
<figures/R002_fig35_lotka_volterra.pdf, id=1599, 504.39746pt x 169.5264pt>
File: figures/R002_fig35_lotka_volterra.pdf Graphic file (type pdf)
<use figures/R002_fig35_lotka_volterra.pdf>
Package pdftex.def Info: figures/R002_fig35_lotka_volterra.pdf  used on input l
ine 1027.
(pdftex.def)             Requested size: 469.75502pt x 157.88814pt.

[44 <./figures/R002_fig25_optimizers.pdf>]
<figures/R002_fig36_lorenz.pdf, id=1662, 504.01979pt x 169.5264pt>
File: figures/R002_fig36_lorenz.pdf Graphic file (type pdf)
<use figures/R002_fig36_lorenz.pdf>
Package pdftex.def Info: figures/R002_fig36_lorenz.pdf  used on input line 1032
.
(pdftex.def)             Requested size: 469.75502pt x 158.00713pt.
<figures/R002_fig37_post_hessian_path.pdf, id=1663, 503.42421pt x 177.52553pt>
File: figures/R002_fig37_post_hessian_path.pdf Graphic file (type pdf)
<use figures/R002_fig37_post_hessian_path.pdf>
Package pdftex.def Info: figures/R002_fig37_post_hessian_path.pdf  used on inpu
t line 1038.
(pdftex.def)             Requested size: 469.75502pt x 165.65775pt.
 [45 <./figures/R002_fig35_lotka_volterra.pdf> <./figures/R002_fig36_lorenz.pdf
>] [46 <./figures/R002_fig37_post_hessian_path.pdf>]
Underfull \hbox (badness 2221) in paragraph at lines 1055--1056
[]\T1/lmr/m/n/10.95 G6: the prose num-bers agree with R002's own \T1/lmtt/m/n/1
0.95 table_numbers.json \T1/lmr/m/n/10.95 and R003's
 []

(./tables/gates_status.tex) [47] [48] (./report.aux)
 ***********
LaTeX2e <2023-11-01> patch level 1
L3 programming layer <2024-02-20>
 ***********
Package rerunfilecheck Info: File `report.out' has not changed.
(rerunfilecheck)             Checksum: 97C59746F08AD42DEBE630BC8147A92A;5684.
 ) 
Here is how much of TeX's memory you used:
 15025 strings out of 474116
 240368 string characters out of 5743683
 1954187 words of memory out of 5000000
 36906 multiletter control sequences out of 15000+600000
 669323 words of font info for 102 fonts, out of 8000000 for 9000
 1141 hyphenation exceptions out of 8191
 75i,18n,79p,3696b,601s stack positions out of 10000i,1000n,20000p,200000b,200000s
</usr/local/texlive/2024/texmf-dist/fonts/type1/public/lm/lmbx10.pfb></usr/lo
cal/texlive/2024/texmf-dist/fonts/type1/public/lm/lmbx12.pfb></usr/local/texliv
e/2024/texmf-dist/fonts/type1/public/lm/lmbxi10.pfb></usr/local/texlive/2024/te
xmf-dist/fonts/type1/public/lm/lmex10.pfb></usr/local/texlive/2024/texmf-dist/f
onts/type1/public/lm/lmmi10.pfb></usr/local/texlive/2024/texmf-dist/fonts/type1
/public/lm/lmmi12.pfb></usr/local/texlive/2024/texmf-dist/fonts/type1/public/lm
/lmmi5.pfb></usr/local/texlive/2024/texmf-dist/fonts/type1/public/lm/lmmi6.pfb>
</usr/local/texlive/2024/texmf-dist/fonts/type1/public/lm/lmmi7.pfb></usr/local
/texlive/2024/texmf-dist/fonts/type1/public/lm/lmmi8.pfb></usr/local/texlive/20
24/texmf-dist/fonts/type1/public/lm/lmr10.pfb></usr/local/texlive/2024/texmf-di
st/fonts/type1/public/lm/lmr12.pfb></usr/local/texlive/2024/texmf-dist/fonts/ty
pe1/public/lm/lmr5.pfb></usr/local/texlive/2024/texmf-dist/fonts/type1/public/l
m/lmr6.pfb></usr/local/texlive/2024/texmf-dist/fonts/type1/public/lm/lmr7.pfb><
/usr/local/texlive/2024/texmf-dist/fonts/type1/public/lm/lmr8.pfb></usr/local/t
exlive/2024/texmf-dist/fonts/type1/public/lm/lmr9.pfb></usr/local/texlive/2024/
texmf-dist/fonts/type1/public/lm/lmri10.pfb></usr/local/texlive/2024/texmf-dist
/fonts/type1/public/lm/lmsy10.pfb></usr/local/texlive/2024/texmf-dist/fonts/typ
e1/public/lm/lmsy6.pfb></usr/local/texlive/2024/texmf-dist/fonts/type1/public/l
m/lmsy7.pfb></usr/local/texlive/2024/texmf-dist/fonts/type1/public/lm/lmsy8.pfb
></usr/local/texlive/2024/texmf-dist/fonts/type1/public/lm/lmtt10.pfb></usr/loc
al/texlive/2024/texmf-dist/fonts/type1/public/amsfonts/symbols/msam10.pfb></usr
/local/texlive/2024/texmf-dist/fonts/type1/public/amsfonts/symbols/msbm10.pfb>
Output written on report.pdf (48 pages, 2024157 bytes).
PDF statistics:
 2023 PDF objects out of 2073 (max. 8388607)
 1407 compressed objects within 15 object streams
 214 named destinations out of 1000 (max. 500000)
 285 words of extra memory for PDF output out of 10000 (max. 10000000)

