shard 1/8: 20 of 522 jobs (after resume skip)
[1] 1/20 sparsity/gamma0.0/seed6 done, 18.0 s
[1] 2/20 sparsity/gamma0.01/seed2 done, 31.0 s
[1] 3/20 sparsity/gamma0.05/seed4 done, 44.0 s
[1] 4/20 sparsity/gamma0.2/seed6 done, 57.0 s
[1] 5/20 seedscale/sc0.01_propagate_flat/seed2 done, 71.0 s
[1] 6/20 seedscale/sc0.01_propagate_graded/seed2 done, 84.0 s
[1] 7/20 seedscale/sc0.01_reset_flat/seed2 done, 97.0 s
[1] 8/20 seedscale/sc0.01_reset_graded/seed2 done, 109.0 s
[1] 9/20 seedscale/sc0.03_propagate_flat/seed2 done, 122.0 s
[1] 10/20 seedscale/sc0.03_propagate_graded/seed2 done, 135.0 s
[1] 11/20 seedscale/sc0.03_reset_flat/seed2 done, 148.0 s
[1] 12/20 seedscale/sc0.03_reset_graded/seed2 done, 161.0 s
[1] 13/20 seedscale/sc0.1_propagate_flat/seed2 done, 174.0 s
[1] 14/20 seedscale/sc0.1_propagate_graded/seed2 done, 187.0 s
[1] 15/20 seedscale/sc0.1_reset_flat/seed2 done, 200.0 s
[1] 16/20 seedscale/sc0.1_reset_graded/seed2 done, 213.0 s
[1] 17/20 seedscale/sc0.3_propagate_flat/seed2 done, 226.0 s
[1] 18/20 seedscale/sc0.3_propagate_graded/seed2 done, 240.0 s
[1] 19/20 seedscale/sc0.3_reset_flat/seed2 done, 252.0 s
[1] 20/20 seedscale/sc0.3_reset_graded/seed2 done, 265.0 s
shard 1 done in 265.0 s
