shard 2/8: 20 of 522 jobs (after resume skip)
[2] 1/20 sparsity/gamma0.001/seed1 done, 4.0 s
[2] 2/20 sparsity/gamma0.01/seed3 done, 18.0 s
[2] 3/20 sparsity/gamma0.05/seed5 done, 31.0 s
[2] 4/20 sparsity/gamma1.0/seed1 done, 31.0 s
[2] 5/20 seedscale/sc0.01_propagate_flat/seed3 done, 44.0 s
[2] 6/20 seedscale/sc0.01_propagate_graded/seed3 done, 57.0 s
[2] 7/20 seedscale/sc0.01_reset_flat/seed3 done, 68.0 s
[2] 8/20 seedscale/sc0.01_reset_graded/seed3 done, 81.0 s
[2] 9/20 seedscale/sc0.03_propagate_flat/seed3 done, 95.0 s
[2] 10/20 seedscale/sc0.03_propagate_graded/seed3 done, 109.0 s
[2] 11/20 seedscale/sc0.03_reset_flat/seed3 done, 118.0 s
[2] 12/20 seedscale/sc0.03_reset_graded/seed3 done, 131.0 s
[2] 13/20 seedscale/sc0.1_propagate_flat/seed3 done, 144.0 s
[2] 14/20 seedscale/sc0.1_propagate_graded/seed3 done, 157.0 s
[2] 15/20 seedscale/sc0.1_reset_flat/seed3 done, 171.0 s
[2] 16/20 seedscale/sc0.1_reset_graded/seed3 done, 184.0 s
[2] 17/20 seedscale/sc0.3_propagate_flat/seed3 done, 197.0 s
[2] 18/20 seedscale/sc0.3_propagate_graded/seed3 done, 211.0 s
[2] 19/20 seedscale/sc0.3_reset_flat/seed3 done, 224.0 s
[2] 20/20 seedscale/sc0.3_reset_graded/seed3 done, 237.0 s
shard 2 done in 237.0 s
