shard 3/8: 20 of 522 jobs (after resume skip)
[3] 1/20 sparsity/gamma0.001/seed2 done, 18.0 s
[3] 2/20 sparsity/gamma0.01/seed4 done, 32.0 s
[3] 3/20 sparsity/gamma0.05/seed6 done, 45.0 s
[3] 4/20 sparsity/gamma1.0/seed2 done, 58.0 s
[3] 5/20 seedscale/sc0.01_propagate_flat/seed4 done, 71.0 s
[3] 6/20 seedscale/sc0.01_propagate_graded/seed4 done, 84.0 s
[3] 7/20 seedscale/sc0.01_reset_flat/seed4 done, 97.0 s
[3] 8/20 seedscale/sc0.01_reset_graded/seed4 done, 110.0 s
[3] 9/20 seedscale/sc0.03_propagate_flat/seed4 done, 122.0 s
[3] 10/20 seedscale/sc0.03_propagate_graded/seed4 done, 136.0 s
[3] 11/20 seedscale/sc0.03_reset_flat/seed4 done, 148.0 s
[3] 12/20 seedscale/sc0.03_reset_graded/seed4 done, 161.0 s
[3] 13/20 seedscale/sc0.1_propagate_flat/seed4 done, 174.0 s
[3] 14/20 seedscale/sc0.1_propagate_graded/seed4 done, 187.0 s
[3] 15/20 seedscale/sc0.1_reset_flat/seed4 done, 200.0 s
[3] 16/20 seedscale/sc0.1_reset_graded/seed4 done, 213.0 s
[3] 17/20 seedscale/sc0.3_propagate_flat/seed4 done, 227.0 s
[3] 18/20 seedscale/sc0.3_propagate_graded/seed4 done, 241.0 s
[3] 19/20 seedscale/sc0.3_reset_flat/seed4 done, 254.0 s
[3] 20/20 seedscale/sc0.3_reset_graded/seed4 done, 268.0 s
shard 3 done in 268.0 s
