shard 0/8: 20 of 522 jobs (after resume skip)
[0] 1/20 sparsity/gamma0.0/seed5 done, 18.0 s
[0] 2/20 sparsity/gamma0.01/seed1 done, 18.0 s
[0] 3/20 sparsity/gamma0.05/seed3 done, 31.0 s
[0] 4/20 sparsity/gamma0.2/seed5 done, 45.0 s
[0] 5/20 seedscale/sc0.01_propagate_flat/seed1 done, 58.0 s
[0] 6/20 seedscale/sc0.01_propagate_graded/seed1 done, 71.0 s
[0] 7/20 seedscale/sc0.01_reset_flat/seed1 done, 85.0 s
[0] 8/20 seedscale/sc0.01_reset_graded/seed1 done, 97.0 s
[0] 9/20 seedscale/sc0.03_propagate_flat/seed1 done, 111.0 s
[0] 10/20 seedscale/sc0.03_propagate_graded/seed1 done, 124.0 s
[0] 11/20 seedscale/sc0.03_reset_flat/seed1 done, 137.0 s
[0] 12/20 seedscale/sc0.03_reset_graded/seed1 done, 150.0 s
[0] 13/20 seedscale/sc0.1_propagate_flat/seed1 done, 150.0 s
[0] 14/20 seedscale/sc0.1_propagate_graded/seed1 done, 163.0 s
[0] 15/20 seedscale/sc0.1_reset_flat/seed1 done, 163.0 s
[0] 16/20 seedscale/sc0.1_reset_graded/seed1 done, 176.0 s
[0] 17/20 seedscale/sc0.3_propagate_flat/seed1 done, 176.0 s
[0] 18/20 seedscale/sc0.3_propagate_graded/seed1 done, 176.0 s
[0] 19/20 seedscale/sc0.3_reset_flat/seed1 done, 176.0 s
[0] 20/20 seedscale/sc0.3_reset_graded/seed1 done, 176.0 s
shard 0 done in 176.0 s
